// Jest Snapshot v1, https://goo.gl/fbAQLP

exports[`ImportTypeSelector should render 1`] = `
<div>
  <fieldset>
    <legend
      class="euiFormLegend"
    >
      <span
        class="euiTitle euiTitle--xsmall"
      >
        Import Type
      </span>
    </legend>
    <div
      class="euiPanel euiPanel--borderRadiusMedium euiPanel--plain euiPanel--hasShadow euiPanel--hasBorder euiPanel--flexGrowZero euiSplitPanel euiSplitPanel--row euiCheckableCard euiCheckableCard-isChecked"
    >
      <div
        class="euiPanel euiPanel--paddingMedium euiPanel--borderRadiusNone euiPanel--primary euiPanel--noShadow euiPanel--noBorder euiPanel--flexGrowZero euiPanel--isClickable euiSplitPanel__inner"
      >
        <div
          class="euiRadio euiRadio--noLabel"
        >
          <input
            checked=""
            class="euiRadio__input"
            id="file-selection"
            type="radio"
            value=""
          />
          <div
            class="euiRadio__circle"
          />
        </div>
      </div>
      <div
        class="euiPanel euiPanel--paddingMedium euiPanel--borderRadiusNone euiPanel--transparent euiPanel--noShadow euiPanel--noBorder euiSplitPanel__inner"
      >
        <label
          class="euiCheckableCard__label"
          for="file-selection"
        >
          <div
            class="euiFlexGroup euiFlexGroup--gutterLarge euiFlexGroup--directionRow euiFlexGroup--responsive"
          >
            <div
              class="euiFlexItem"
            >
              <div
                class="euiText euiText--medium"
              >
                Upload from file
              </div>
            </div>
            <div
              class="euiFlexItem euiFlexItem--flexGrowZero"
            >
              <span
                class="euiToolTipAnchor"
              >
                <svg
                  aria-hidden="true"
                  aria-label="Info"
                  class="euiIcon euiIcon--medium euiIcon-isLoading"
                  focusable="true"
                  height="16"
                  role="img"
                  tabindex="0"
                  viewBox="0 0 16 16"
                  width="16"
                  xmlns="http://www.w3.org/2000/svg"
                >
                  <path
                    d="M5.277 10.088c.02.014.04.03.057.047.582.55 1.134.812 1.666.812.586 0 1.84-.293 3.713-.88L9 6.212V2H7v4.212l-1.723 3.876Zm-.438.987L3.539 14h8.922l-1.32-2.969C9.096 11.677 7.733 12 7 12c-.74 0-1.463-.315-2.161-.925ZM6 2H5V1h6v1h-1v4l3.375 7.594A1 1 0 0 1 12.461 15H3.54a1 1 0 0 1-.914-1.406L6 6V2Z"
                  />
                </svg>
              </span>
            </div>
          </div>
        </label>
      </div>
    </div>
    <div
      class="euiSpacer euiSpacer--s"
    />
    <div
      class="euiPanel euiPanel--borderRadiusMedium euiPanel--plain euiPanel--hasShadow euiPanel--hasBorder euiPanel--flexGrowZero euiSplitPanel euiSplitPanel--row euiCheckableCard"
    >
      <div
        class="euiPanel euiPanel--paddingMedium euiPanel--borderRadiusNone euiPanel--subdued euiPanel--noShadow euiPanel--noBorder euiPanel--flexGrowZero euiPanel--isClickable euiSplitPanel__inner"
      >
        <div
          class="euiRadio euiRadio--noLabel"
        >
          <input
            class="euiRadio__input"
            id="text-selection"
            type="radio"
            value=""
          />
          <div
            class="euiRadio__circle"
          />
        </div>
      </div>
      <div
        class="euiPanel euiPanel--paddingMedium euiPanel--borderRadiusNone euiPanel--transparent euiPanel--noShadow euiPanel--noBorder euiSplitPanel__inner"
      >
        <label
          class="euiCheckableCard__label"
          for="text-selection"
        >
          <div
            class="euiFlexGroup euiFlexGroup--gutterLarge euiFlexGroup--directionRow euiFlexGroup--responsive"
          >
            <div
              class="euiFlexItem"
            >
              <div
                class="euiText euiText--medium"
              >
                Text box
              </div>
            </div>
            <div
              class="euiFlexItem euiFlexItem--flexGrowZero"
            >
              <span
                class="euiToolTipAnchor"
              >
                <svg
                  aria-hidden="true"
                  aria-label="Info"
                  class="euiIcon euiIcon--medium euiIcon-isLoading"
                  focusable="true"
                  height="16"
                  role="img"
                  tabindex="0"
                  viewBox="0 0 16 16"
                  width="16"
                  xmlns="http://www.w3.org/2000/svg"
                >
                  <path
                    d="M5.277 10.088c.02.014.04.03.057.047.582.55 1.134.812 1.666.812.586 0 1.84-.293 3.713-.88L9 6.212V2H7v4.212l-1.723 3.876Zm-.438.987L3.539 14h8.922l-1.32-2.969C9.096 11.677 7.733 12 7 12c-.74 0-1.463-.315-2.161-.925ZM6 2H5V1h6v1h-1v4l3.375 7.594A1 1 0 0 1 12.461 15H3.54a1 1 0 0 1-.914-1.406L6 6V2Z"
                  />
                </svg>
              </span>
            </div>
          </div>
        </label>
      </div>
    </div>
    <div
      class="euiSpacer euiSpacer--m"
    />
  </fieldset>
</div>
`;
