// Jest Snapshot v1, https://goo.gl/fbAQLP

exports[`ImportFileContent should render 1`] = `
<div>
  <div
    class="euiFilePicker euiFilePicker--large euiFilePicker--fullWidth"
  >
    <div
      class="euiFilePicker__wrap"
    >
      <input
        accept=".csv, .json, .ndjson"
        aria-describedby="mocked-id-filePicker__prompt"
        class="euiFilePicker__input"
        id="mocked-id"
        type="file"
      />
      <div
        class="euiFilePicker__prompt"
        id="mocked-id-filePicker__prompt"
      >
        <svg
          aria-hidden="true"
          class="euiIcon euiIcon--large euiIcon-isLoading euiFilePicker__icon"
          focusable="false"
          height="16"
          role="img"
          viewBox="0 0 16 16"
          width="16"
          xmlns="http://www.w3.org/2000/svg"
        >
          <path
            d="M5.277 10.088c.02.014.04.03.057.047.582.55 1.134.812 1.666.812.586 0 1.84-.293 3.713-.88L9 6.212V2H7v4.212l-1.723 3.876Zm-.438.987L3.539 14h8.922l-1.32-2.969C9.096 11.677 7.733 12 7 12c-.74 0-1.463-.315-2.161-.925ZM6 2H5V1h6v1h-1v4l3.375 7.594A1 1 0 0 1 12.461 15H3.54a1 1 0 0 1-.914-1.406L6 6V2Z"
          />
        </svg>
        <div
          class="euiFilePicker__promptText"
        >
          Select or drag and drop a .csv, .json, .ndjson file
        </div>
      </div>
    </div>
  </div>
</div>
`;
